// Jest Snapshot v1, https://goo.gl/fbAQLP

exports[`rendering Main Page without crashing 1`] = `ShallowWrapper {}`;
